Microchip MPLAB XC8 Compiler V2.10 ()

Linker command line:

-W-3 --edf=C:\Program Files (x86)\Microchip\xc8\v2.10\pic\dat\en_msgs.txt \
  -cs -h+dist/default/production\Temp_mesurement.X.production.sym \
  --cmf=dist/default/production\Temp_mesurement.X.production.cmf -z \
  -Q16F887 -oC:\Users\Soul_PC\AppData\Local\Temp\sqio.3 \
  --defsym=__MPLAB_BUILD=1 \
  -Mdist/default/production/Temp_mesurement.X.production.map -E1 -ver=XC8 \
  --acfsm=1493 -ASTACK=0110h-016Fh -pstack=STACK -ACODE=00h-07FFhx4 \
  -ASTRCODE=00h-01FFFh -ASTRING=00h-0FFhx32 -ACONST=00h-0FFhx32 \
  -AENTRY=00h-0FFhx32 -ACOMMON=070h-07Fh -ABANK0=020h-06Fh \
  -ABANK1=0A0h-0EFh -ABANK2=0110h-016Fh -ABANK3=0190h-01EFh \
  -ARAM=020h-06Fh,0A0h-0EFh,0110h-016Fh,0190h-01EFh \
  -AABS1=020h-07Fh,0A0h-0EFh,0110h-016Fh,0190h-01EFh -ASFR0=00h-01Fh \
  -ASFR1=080h-09Fh -ASFR2=0100h-010Fh -ASFR3=0180h-018Fh \
  -preset_vec=00h,intentry,init,end_init -ppowerup=CODE -pcinit=CODE \
  -pfunctab=ENTRY -ACONFIG=02007h-02008h -pconfig=CONFIG -DCONFIG=2 \
  -AIDLOC=02000h-02003h -pidloc=IDLOC -DIDLOC=2 -AEEDATA=00h-0FFh/02100h \
  -peeprom_data=EEDATA -DEEDATA=2 -DCODE=2 -DSTRCODE=2 -DSTRING=2 -DCONST=2 \
  -DENTRY=2 -k C:\Users\Soul_PC\AppData\Local\Temp\sqio.o \
  dist/default/production\Temp_mesurement.X.production.o 

Object code version is 3.11

Machine type is 16F887



                Name                               Link     Load   Length Selector   Space Scale
C:\Users\Soul_PC\AppData\Local\Temp\sqio.o
                end_init                              0        0        3        0       0
                config                             2007     2007        2     400E       0
dist/default/production\Temp_mesurement.X.production.o
                cinit                               7F3      7F3        D      FE6       0
                text31                              801      801       11     1002       0
                text30                             1BD9     1BD9       22     37B2       0
                text29                             1BA4     1BA4       1A     3748       0
                text28                             10B5     10B5        D     216A       0
                text27                                3        3       2B        0       0
                text26                             1CE2     1CE2       42     39C4       0
                text25                             1DB6     1DB6       52     3B6C       0
                text24                             139B     139B      1DD     2736       0
                text23                             1D68     1D68       4E     3AD0       0
                text22                             10C2     10C2       A2     2184       0
                text21                             1B99     1B99        B     3732       0
                text20                             1578     1578      288     2AF0       0
                text19                             1BFB     1BFB       24     37F6       0
                text18                             1F84     1F84       7C     3F08       0
                text17                             1EB5     1EB5       66     3D6A       0
                text16                             1E08     1E08       54     3C10       0
                text15                             1C1F     1C1F       25     383E       0
                text14                             1164     1164       BC     22C8       0
                text13                             12DD     12DD       BE     25BA       0
                text12                             1220     1220       BD     2440       0
                text11                             1C44     1C44       27     3888       0
                text10                              C9F      C9F      361     193E       0
                text9                              1D24     1D24       44     3A48       0
                text8                              1C6B     1C6B       3A     38D6       0
                text7                                2E       2E      20B       5C       0
                text6                              1F1B     1F1B       69     3E36       0
                text5                              1E5C     1E5C       59     3CB8       0
                text4                               940      940      35F     1280       0
                text3                               239      239      5BA      472       0
                text2                               812      812      12E     1024       0
                text1                              1CA5     1CA5       3D     394A       0
                maintext                           1BBE     1BBE       1B     377C       0
                cstackBANK0                          20       20       4E       20       1
                cstackCOMMON                         70       70        E       70       1
                cstackBANK1                          A0       A0       26       A0       1
                clrtext                            1B91     1B91        8     3722       0
                bssBANK1                             C6       C6       1A       A0       1
                strings                            1000     1000       B2     2000       0

TOTAL           Name                               Link     Load   Length     Space
        CLASS   STACK          

        CLASS   CODE           
                end_init                              0        0        3         0
                cinit                               7F3      7F3        D         0
                text31                              801      801       11         0
                text30                             1BD9     1BD9       22         0
                text29                             1BA4     1BA4       1A         0
                text28                             10B5     10B5        D         0
                text27                                3        3       2B         0
                text26                             1CE2     1CE2       42         0
                text25                             1DB6     1DB6       52         0
                text24                             139B     139B      1DD         0
                text23                             1D68     1D68       4E         0
                text22                             10C2     10C2       A2         0
                text21                             1B99     1B99        B         0
                text20                             1578     1578      288         0
                text19                             1BFB     1BFB       24         0
                text18                             1F84     1F84       7C         0
                text17                             1EB5     1EB5       66         0
                text16                             1E08     1E08       54         0
                text15                             1C1F     1C1F       25         0
                text14                             1164     1164       BC         0
                text13                             12DD     12DD       BE         0
                text12                             1220     1220       BD         0
                text11                             1C44     1C44       27         0
                text10                              C9F      C9F      361         0
                text9                              1D24     1D24       44         0
                text8                              1C6B     1C6B       3A         0
                text7                                2E       2E      20B         0
                text6                              1F1B     1F1B       69         0
                text5                              1E5C     1E5C       59         0
                text4                               940      940      35F         0
                text3                               239      239      5BA         0
                text2                               812      812      12E         0
                text1                              1CA5     1CA5       3D         0
                maintext                           1BBE     1BBE       1B         0
                clrtext                            1B91     1B91        8         0

        CLASS   STRCODE        

        CLASS   STRING         
                strings                            1000     1000       B2         0

        CLASS   CONST          

        CLASS   ENTRY          

        CLASS   COMMON         
                cstackCOMMON                         70       70        E         1

        CLASS   BANK0          
                cstackBANK0                          20       20       4E         1

        CLASS   BANK1          
                cstackBANK1                          A0       A0       26         1
                bssBANK1                             C6       C6       1A         1

        CLASS   BANK2          

        CLASS   BANK3          

        CLASS   RAM            

        CLASS   ABS1           
                abs_s1                               7E       7E        2         1

        CLASS   SFR0           

        CLASS   SFR1           

        CLASS   SFR2           

        CLASS   SFR3           

        CLASS   CONFIG         
                config                             2007     2007        2         0

        CLASS   IDLOC          

        CLASS   EEDATA         



SEGMENTS        Name                           Load    Length   Top    Selector   Space  Class     Delta

                reset_vec                      000000  00002E  00002E         0       0  CODE        2
                cstackBANK0                    000020  00004E  00006E        20       1  BANK0       1
                text7                          00002E  00020B  000239        5C       0  CODE        2
                cstackCOMMON                   000070  00000E  00007E        70       1  COMMON      1
                cstackBANK1                    0000A0  000040  0000E0        A0       1  BANK1       1
                text3                          000239  0005BA  0007F3       472       0  CODE        2
                cinit                          0007F3  00000D  000800       FE6       0  CODE        2
                text31                         000801  000011  000812      1002       0  CODE        2
                text2                          000812  00012E  000940      1024       0  CODE        2
                text4                          000940  00035F  000C9F      1280       0  CODE        2
                text10                         000C9F  000361  001000      193E       0  CODE        2
                strings                        001000  0000B2  0010B2      2000       0  STRING      2
                text28                         0010B5  00000D  0010C2      216A       0  CODE        2
                text22                         0010C2  0000A2  001164      2184       0  CODE        2
                text14                         001164  0000BC  001220      22C8       0  CODE        2
                text12                         001220  0000BD  0012DD      2440       0  CODE        2
                text13                         0012DD  0000BE  00139B      25BA       0  CODE        2
                text24                         00139B  0001DD  001578      2736       0  CODE        2
                text20                         001578  000288  001800      2AF0       0  CODE        2
                clrtext                        001B91  000008  001B99      3722       0  CODE        2
                text21                         001B99  00000B  001BA4      3732       0  CODE        2
                text29                         001BA4  00001A  001BBE      3748       0  CODE        2
                maintext                       001BBE  00001B  001BD9      377C       0  CODE        2
                text30                         001BD9  000022  001BFB      37B2       0  CODE        2
                text19                         001BFB  000024  001C1F      37F6       0  CODE        2
                text15                         001C1F  000025  001C44      383E       0  CODE        2
                text11                         001C44  000027  001C6B      3888       0  CODE        2
                text8                          001C6B  00003A  001CA5      38D6       0  CODE        2
                text1                          001CA5  00003D  001CE2      394A       0  CODE        2
                text26                         001CE2  000042  001D24      39C4       0  CODE        2
                text9                          001D24  000044  001D68      3A48       0  CODE        2
                text23                         001D68  00004E  001DB6      3AD0       0  CODE        2
                text25                         001DB6  000052  001E08      3B6C       0  CODE        2
                text16                         001E08  000054  001E5C      3C10       0  CODE        2
                text5                          001E5C  000059  001EB5      3CB8       0  CODE        2
                text17                         001EB5  000066  001F1B      3D6A       0  CODE        2
                text6                          001F1B  000069  001F84      3E36       0  CODE        2
                text18                         001F84  00007C  002000      3F08       0  CODE        2
                config                         002007  000002  002009      400E       0  CONFIG      2


UNUSED ADDRESS RANGES

        Name                Unused          Largest block    Delta
        BANK0            006E-006F              2           1
        BANK1            00E0-00EF             10           1
        BANK2            0110-016F             60           1
        BANK3            0190-01EF             60           1
        CODE             0800-0800              1           2
                         10B2-10B4              3
                         1800-1B90            391
        CONST            0800-0800              1           2
                         10B2-10B4              3
                         1800-1B90            100
        EEDATA           2100-21FF            100           2
        ENTRY            0800-0800              1           2
                         10B2-10B4              3
                         1800-1B90            100
        IDLOC            2000-2003              4           2
        RAM              006E-006F              2           1
                         00E0-00EF             10
                         0110-016F             60
                         0190-01EF             60
        SFR0             0000-001F             20           1
        SFR1             0080-009F             20           1
        SFR2             0100-010F             10           1
        SFR3             0180-018F             10           1
        STACK            0110-016F             60           1
        STRCODE          0800-0800              1           2
                         10B2-10B4              3
                         1800-1B90            391
        STRING           0800-0800              1           2
                         10B2-10B4              3
                         1800-1B90            100

                                  Symbol Table

?__Umul8_16                 cstackCOMMON 0070
?___awdiv                   cstackCOMMON 0077
?___awmod                   cstackCOMMON 0070
?___fladd                   cstackBANK0  0052
?___fldiv                   cstackBANK0  0026
?___flmul                   cstackBANK0  0024
?___flneg                   cstackCOMMON 0070
?___flsub                   cstackBANK0  0066
?___fltol                   cstackBANK0  0051
?___lldiv                   cstackCOMMON 0070
?___llmod                   cstackCOMMON 0070
?___lwdiv                   cstackCOMMON 0076
?___lwmod                   cstackCOMMON 0070
?___wmul                    cstackCOMMON 0070
?___xxtofl                  cstackCOMMON 0076
?__div_to_l_                cstackCOMMON 0070
?__tdiv_to_l_               cstackCOMMON 0070
?_fround                    cstackBANK0  003E
?_scale                     cstackBANK0  003E
?_sprintf                   cstackBANK1  00A0
Lcd_Cmd@a                   cstackCOMMON 0073
Lcd_Print_Char@Lower_Nibble cstackCOMMON 0072
Lcd_Print_Char@Upper_Nibble cstackCOMMON 0073
Lcd_Print_Char@data         cstackCOMMON 0074
Lcd_Print_String@a          cstackCOMMON 0075
Lcd_Print_String@i          cstackCOMMON 007A
Lcd_SetBit@data_bit         cstackCOMMON 0070
Lcd_Set_Cursor@column       cstackCOMMON 0074
Lcd_Set_Cursor@row          cstackCOMMON 0077
Lcd_Set_Cursor@temp         cstackCOMMON 007A
Lcd_Set_Cursor@y            cstackCOMMON 0079
Lcd_Set_Cursor@z            cstackCOMMON 0078
_ADCON0                     (abs)        001F
_ADCON1                     (abs)        009F
_ADC_Init                   text31       0801
_ADC_Read                   text2        0812
_ADRESH                     (abs)        001E
_ADRESL                     (abs)        009E
_ANSEL                      (abs)        0188
_GO_nDONE                   (abs)        00F9
_Lcd_Clear                  text28       10B5
_Lcd_Cmd                    text29       1BA4
_Lcd_Print_Char             text27       0003
_Lcd_Print_String           text26       1CE2
_Lcd_SetBit                 text30       1BD9
_Lcd_Set_Cursor             text25       1DB6
_Lcd_Start                  text1        1CA5
_RD2                        (abs)        0042
_RD3                        (abs)        0043
_RD4                        (abs)        0044
_RD5                        (abs)        0045
_RD6                        (abs)        0046
_RD7                        (abs)        0047
_TRISA                      (abs)        0085
_TRISD                      (abs)        0088
__CFG_BOR4V$BOR40V          (abs)        0000
__CFG_BOREN$ON              (abs)        0000
__CFG_CP$OFF                (abs)        0000
__CFG_CPD$OFF               (abs)        0000
__CFG_FCMEN$ON              (abs)        0000
__CFG_FOSC$EXTRC_CLKOUT     (abs)        0000
__CFG_IESO$ON               (abs)        0000
__CFG_LVP$ON                (abs)        0000
__CFG_MCLRE$ON              (abs)        0000
__CFG_PWRTE$OFF             (abs)        0000
__CFG_WDTE$OFF              (abs)        0000
__CFG_WRT$OFF               (abs)        0000
__Habs1                     abs1         0000
__Hbank0                    bank0        0000
__Hbank1                    bank1        0000
__Hbank2                    bank2        0000
__Hbank3                    bank3        0000
__HbssBANK1                 bssBANK1     0000
__Hcinit                    cinit        0800
__Hclrtext                  clrtext      0000
__Hcode                     code         0000
__Hcommon                   common       0000
__Hconfig                   config       2009
__HcstackBANK0              cstackBANK0  0000
__HcstackBANK1              cstackBANK1  0000
__HcstackCOMMON             cstackCOMMON 0000
__Heeprom_data              eeprom_data  0000
__Hend_init                 end_init     0003
__Hfunctab                  functab      0000
__Hidloc                    idloc        0000
__Hinit                     init         0000
__Hintentry                 intentry     0000
__Hmaintext                 maintext     0000
__Hpowerup                  powerup      0000
__Hram                      ram          0000
__Hreset_vec                reset_vec    0000
__Hsfr0                     sfr0         0000
__Hsfr1                     sfr1         0000
__Hsfr2                     sfr2         0000
__Hsfr3                     sfr3         0000
__Hspace_0                  (abs)        2009
__Hspace_1                  (abs)        00E0
__Hspace_2                  (abs)        0000
__Hspace_3                  (abs)        0000
__Hstack                    stack        0000
__Hstrings                  strings      0000
__Htext                     text         0000
__Labs1                     abs1         0000
__Lbank0                    bank0        0000
__Lbank1                    bank1        0000
__Lbank2                    bank2        0000
__Lbank3                    bank3        0000
__LbssBANK1                 bssBANK1     0000
__Lcinit                    cinit        07F3
__Lclrtext                  clrtext      0000
__Lcode                     code         0000
__Lcommon                   common       0000
__Lconfig                   config       2007
__LcstackBANK0              cstackBANK0  0000
__LcstackBANK1              cstackBANK1  0000
__LcstackCOMMON             cstackCOMMON 0000
__Leeprom_data              eeprom_data  0000
__Lend_init                 end_init     0000
__Lfunctab                  functab      0000
__Lidloc                    idloc        0000
__Linit                     init         0000
__Lintentry                 intentry     0000
__Lmaintext                 maintext     0000
__Lpowerup                  powerup      0000
__Lram                      ram          0000
__Lreset_vec                reset_vec    0000
__Lsfr0                     sfr0         0000
__Lsfr1                     sfr1         0000
__Lsfr2                     sfr2         0000
__Lsfr3                     sfr3         0000
__Lspace_0                  (abs)        0000
__Lspace_1                  (abs)        0000
__Lspace_2                  (abs)        0000
__Lspace_3                  (abs)        0000
__Lstack                    stack        0000
__Lstrings                  strings      0000
__Ltext                     text         0000
__S0                        (abs)        2009
__S1                        (abs)        00E0
__S2                        (abs)        0000
__S3                        (abs)        0000
__Umul8_16                  text11       1C44
__Umul8_16@multiplicand     cstackCOMMON 0070
__Umul8_16@multiplier       cstackCOMMON 0078
__Umul8_16@product          cstackCOMMON 0074
__Umul8_16@word_mpld        cstackCOMMON 0076
___awdiv                    text6        1F1B
___awdiv@counter            cstackBANK0  0020
___awdiv@dividend           cstackCOMMON 0079
___awdiv@divisor            cstackCOMMON 0077
___awdiv@quotient           cstackBANK0  0022
___awdiv@sign               cstackBANK0  0021
___awmod                    text5        1E5C
___awmod@counter            cstackCOMMON 0075
___awmod@dividend           cstackCOMMON 0072
___awmod@divisor            cstackCOMMON 0070
___awmod@sign               cstackCOMMON 0076
___fladd                    text20       1578
___fladd@a                  cstackBANK0  0056
___fladd@aexp               cstackBANK0  0063
___fladd@b                  cstackBANK0  0052
___fladd@bexp               cstackBANK0  0064
___fladd@grs                cstackBANK0  0065
___fladd@signs              cstackBANK0  0062
___fldiv                    text24       139B
___fldiv@a                  cstackBANK0  0026
___fldiv@aexp               cstackBANK0  003F
___fldiv@b                  cstackBANK0  002A
___fldiv@bexp               cstackBANK0  003E
___fldiv@grs                cstackBANK0  003A
___fldiv@new_exp            cstackBANK0  0038
___fldiv@rem                cstackBANK0  0033
___fldiv@sign               cstackBANK0  0037
___fleq                     text23       1D68
___fleq@ff1                 cstackCOMMON 0070
___fleq@ff2                 cstackCOMMON 0074
___flge                     text22       10C2
___flge@ff1                 cstackCOMMON 0070
___flge@ff2                 cstackCOMMON 0074
___flmul                    text10       0C9F
___flmul@a                  cstackBANK0  0028
___flmul@aexp               cstackBANK0  0036
___flmul@b                  cstackBANK0  0024
___flmul@bexp               cstackBANK0  0037
___flmul@grs                cstackBANK0  0032
___flmul@prod               cstackBANK0  0038
___flmul@sign               cstackBANK0  0031
___flmul@temp               cstackBANK0  003C
___flneg                    text21       1B99
___flneg@f1                 cstackCOMMON 0070
___flsub                    text19       1BFB
___flsub@a                  cstackBANK0  0066
___flsub@b                  cstackBANK0  006A
___fltol                    text18       1F84
___fltol@exp1               cstackBANK0  005B
___fltol@f1                 cstackBANK0  0051
___fltol@sign1              cstackBANK0  005A
___int_sp                   stack        0000
___latbits                  (abs)        0002
___lldiv                    text17       1EB5
___lldiv@counter            cstackCOMMON 007D
___lldiv@dividend           cstackCOMMON 0074
___lldiv@divisor            cstackCOMMON 0070
___lldiv@quotient           cstackCOMMON 0079
___llmod                    text16       1E08
___llmod@counter            cstackCOMMON 0079
___llmod@dividend           cstackCOMMON 0074
___llmod@divisor            cstackCOMMON 0070
___lwdiv                    text9        1D24
___lwdiv@counter            cstackCOMMON 007D
___lwdiv@dividend           cstackCOMMON 0078
___lwdiv@divisor            cstackCOMMON 0076
___lwdiv@quotient           cstackCOMMON 007B
___lwmod                    text8        1C6B
___lwmod@counter            cstackCOMMON 0075
___lwmod@dividend           cstackCOMMON 0072
___lwmod@divisor            cstackCOMMON 0070
___sp                       stack        0000
___stackhi                  (abs)        0000
___stacklo                  (abs)        0000
___wmul                     text15       1C1F
___wmul@multiplicand        cstackCOMMON 0072
___wmul@multiplier          cstackCOMMON 0070
___wmul@product             cstackCOMMON 0074
___xxtofl                   text14       1164
___xxtofl@arg               cstackBANK0  0022
___xxtofl@exp               cstackBANK0  0021
___xxtofl@sign              cstackBANK0  0020
___xxtofl@val               cstackCOMMON 0076
__div_to_l_                 text13       12DD
__div_to_l_@cntr            cstackBANK0  0024
__div_to_l_@exp1            cstackBANK0  0025
__div_to_l_@f1              cstackCOMMON 0070
__div_to_l_@f2              cstackCOMMON 0074
__div_to_l_@quot            cstackBANK0  0020
__end_of_ADC_Init           text31       0812
__end_of_ADC_Read           text2        0940
__end_of_Lcd_Clear          text28       10C2
__end_of_Lcd_Cmd            text29       1BBE
__end_of_Lcd_Print_Char     text27       002E
__end_of_Lcd_Print_String   text26       1D24
__end_of_Lcd_SetBit         text30       1BFB
__end_of_Lcd_Set_Cursor     text25       1E08
__end_of_Lcd_Start          text1        1CE2
__end_of__Umul8_16          text11       1C6B
__end_of___awdiv            text6        1F84
__end_of___awmod            text5        1EB5
__end_of___fladd            text20       1800
__end_of___fldiv            text24       1578
__end_of___fleq             text23       1DB6
__end_of___flge             text22       1164
__end_of___flmul            text10       1000
__end_of___flneg            text21       1BA4
__end_of___flsub            text19       1C1F
__end_of___fltol            text18       2000
__end_of___lldiv            text17       1F1B
__end_of___llmod            text16       1E5C
__end_of___lwdiv            text9        1D68
__end_of___lwmod            text8        1CA5
__end_of___wmul             text15       1C44
__end_of___xxtofl           text14       1220
__end_of__div_to_l_         text13       139B
__end_of__initialization    cinit        07FC
__end_of__npowers_          strings      1078
__end_of__powers_           strings      1044
__end_of__stringtab         strings      1010
__end_of__tdiv_to_l_        text12       12DD
__end_of_dpowers            strings      10A0
__end_of_fround             text7        0239
__end_of_main               maintext     1BD9
__end_of_scale              text4        0C9F
__end_of_sprintf            text3        07F3
__initialization            cinit        07F3
__npowers_                  strings      1044
__pbssBANK1                 bssBANK1     00C6
__pcstackBANK0              cstackBANK0  0020
__pcstackBANK1              cstackBANK1  00A0
__pcstackCOMMON             cstackCOMMON 0070
__pmaintext                 maintext     1BBE
__powers_                   strings      1010
__pstrings                  strings      1000
__ptext1                    text1        1CA5
__ptext10                   text10       0C9F
__ptext11                   text11       1C44
__ptext12                   text12       1220
__ptext13                   text13       12DD
__ptext14                   text14       1164
__ptext15                   text15       1C1F
__ptext16                   text16       1E08
__ptext17                   text17       1EB5
__ptext18                   text18       1F84
__ptext19                   text19       1BFB
__ptext2                    text2        0812
__ptext20                   text20       1578
__ptext21                   text21       1B99
__ptext22                   text22       10C2
__ptext23                   text23       1D68
__ptext24                   text24       139B
__ptext25                   text25       1DB6
__ptext26                   text26       1CE2
__ptext27                   text27       0003
__ptext28                   text28       10B5
__ptext29                   text29       1BA4
__ptext3                    text3        0239
__ptext30                   text30       1BD9
__ptext31                   text31       0801
__ptext4                    text4        0940
__ptext5                    text5        1E5C
__ptext6                    text6        1F1B
__ptext7                    text7        002E
__ptext8                    text8        1C6B
__ptext9                    text9        1D24
__size_of_ADC_Init          (abs)        0000
__size_of_ADC_Read          (abs)        0000
__size_of_Lcd_Clear         (abs)        0000
__size_of_Lcd_Cmd           (abs)        0000
__size_of_Lcd_Print_Char    (abs)        0000
__size_of_Lcd_Print_String  (abs)        0000
__size_of_Lcd_SetBit        (abs)        0000
__size_of_Lcd_Set_Cursor    (abs)        0000
__size_of_Lcd_Start         (abs)        0000
__size_of__Umul8_16         (abs)        0000
__size_of___awdiv           (abs)        0000
__size_of___awmod           (abs)        0000
__size_of___fladd           (abs)        0000
__size_of___fldiv           (abs)        0000
__size_of___fleq            (abs)        0000
__size_of___flge            (abs)        0000
__size_of___flmul           (abs)        0000
__size_of___flneg           (abs)        0000
__size_of___flsub           (abs)        0000
__size_of___fltol           (abs)        0000
__size_of___lldiv           (abs)        0000
__size_of___llmod           (abs)        0000
__size_of___lwdiv           (abs)        0000
__size_of___lwmod           (abs)        0000
__size_of___wmul            (abs)        0000
__size_of___xxtofl          (abs)        0000
__size_of__div_to_l_        (abs)        0000
__size_of__tdiv_to_l_       (abs)        0000
__size_of_fround            (abs)        0000
__size_of_main              (abs)        0000
__size_of_scale             (abs)        0000
__size_of_sprintf           (abs)        0000
__stringbase                strings      100F
__stringtab                 strings      1000
__tdiv_to_l_                text12       1220
__tdiv_to_l_@cntr           cstackBANK0  0024
__tdiv_to_l_@exp1           cstackBANK0  0025
__tdiv_to_l_@f1             cstackCOMMON 0070
__tdiv_to_l_@f2             cstackCOMMON 0074
__tdiv_to_l_@quot           cstackBANK0  0020
_char_data                  bssBANK1     00D0
_dpowers                    strings      1078
_fround                     text7        002E
_fround$777                 cstackBANK0  004D
_fround$778                 cstackBANK0  0049
_int_data                   bssBANK1     00CE
_main                       maintext     1BBE
_scale                      text4        0940
_scale$779                  cstackBANK0  004C
_scaled_float_data          bssBANK1     00CA
_scaled_temperature         bssBANK1     00C6
_sprintf                    text3        0239
_sprintf$780                cstackBANK1  00AA
btemp                       (abs)        007E
clear_ram0                  clrtext      1B91
end_of_initialization       cinit        07FC
fround@prec                 cstackBANK0  0051
intlevel0                   functab      0000
intlevel1                   functab      0000
intlevel2                   functab      0000
intlevel3                   functab      0000
intlevel4                   functab      0000
intlevel5                   functab      0000
reset_vec                   reset_vec    0000
scale@scl                   cstackBANK0  0050
sprintf@ap                  cstackBANK1  00AE
sprintf@c                   cstackBANK1  00C2
sprintf@eexp                cstackBANK1  00B7
sprintf@f                   cstackBANK1  00A0
sprintf@flag                cstackBANK1  00AF
sprintf@fval                cstackBANK1  00BE
sprintf@prec                cstackBANK1  00B1
sprintf@sp                  cstackBANK1  00BD
sprintf@tmpval              cstackBANK1  00B9
sprintf@val                 cstackBANK1  00B3
start                       init         0000
start_initialization        cinit        07F3
wtemp0                      (abs)        007E


FUNCTION INFORMATION:

 *************** function _main *****************
 Defined at:
		line 36 in file "main.c"
 Parameters:    Size  Location     Type
		None
 Auto vars:     Size  Location     Type
		None
 Return value:  Size  Location     Type
                  1    wreg      void 
 Registers used:
		wreg, fsr0l, fsr0h, status,2, status,0, btemp+1, pclath, cstack
 Tracked objects:
		On entry : 
		On exit  : 
		Unchanged: 
 Data sizes:     COMMON   BANK0   BANK1   BANK3   BANK2
      Params:         0       0       0       0       0
      Locals:         0       0       0       0       0
      Temps:          0       0       0       0       0
      Totals:         0       0       0       0       0
Total ram usage:        0 bytes
 Hardware stack levels required when called:    5
 This function calls:
		_ADC_Init
		_ADC_Read
		_Lcd_Clear
		_Lcd_Start
 This function is called by:
		Startup code after reset
 This function uses a non-reentrant model


 *************** function _Lcd_Start *****************
 Defined at:
		line 72 in file "./LCD_driver.c"
 Parameters:    Size  Location     Type
		None
 Auto vars:     Size  Location     Type
		None
 Return value:  Size  Location     Type
                  1    wreg      void 
 Registers used:
		wreg, status,2, status,0, pclath, cstack
 Tracked objects:
		On entry : 
		On exit  : 
		Unchanged: 
 Data sizes:     COMMON   BANK0   BANK1   BANK3   BANK2
      Params:         0       0       0       0       0
      Locals:         0       0       0       0       0
      Temps:          0       0       0       0       0
      Totals:         0       0       0       0       0
Total ram usage:        0 bytes
 Hardware stack levels used:    1
 Hardware stack levels required when called:    2
 This function calls:
		_Lcd_Cmd
		_Lcd_SetBit
 This function is called by:
		_main
 This function uses a non-reentrant model


 *************** function _ADC_Read *****************
 Defined at:
		line 60 in file "main.c"
 Parameters:    Size  Location     Type
		None
 Auto vars:     Size  Location     Type
		None
 Return value:  Size  Location     Type
                  1    wreg      void 
 Registers used:
		wreg, fsr0l, fsr0h, status,2, status,0, btemp+1, pclath, cstack
 Tracked objects:
		On entry : 
		On exit  : 
		Unchanged: 
 Data sizes:     COMMON   BANK0   BANK1   BANK3   BANK2
      Params:         0       0       0       0       0
      Locals:         0       0       0       0       0
      Temps:          0       0       3       0       0
      Totals:         0       0       3       0       0
Total ram usage:        3 bytes
 Hardware stack levels used:    1
 Hardware stack levels required when called:    4
 This function calls:
		_Lcd_Clear
		_Lcd_Print_String
		_Lcd_Set_Cursor
		___fldiv
		___flmul
		___wmul
		___xxtofl
		_sprintf
 This function is called by:
		_main
 This function uses a non-reentrant model


 *************** function _sprintf *****************
 Defined at:
		line 505 in file "C:\Program Files (x86)\Microchip\xc8\v2.10\pic\sources\c90\common\doprnt.c"
 Parameters:    Size  Location     Type
  sp              1    wreg     PTR unsigned char 
		 -> char_data(16), 
  f               1    0[BANK1 ] PTR const unsigned char 
		 -> STR_1(5), 
 Auto vars:     Size  Location     Type
  sp              1   29[BANK1 ] PTR unsigned char 
		 -> char_data(16), 
  fval            4   30[BANK1 ] PTR unsigned char 
  tmpval          4   25[BANK1 ] struct .
  val             4   19[BANK1 ] unsigned long 
  eexp            2   23[BANK1 ] int 
  prec            2   17[BANK1 ] int 
  flag            2   15[BANK1 ] unsigned short 
  cp              2    0        PTR const unsigned char 
  len             2    0        unsigned int 
  width           2    0        int 
  c               1   34[BANK1 ] unsigned char 
  ap              1   14[BANK1 ] PTR void [1]
		 -> ?_sprintf(2), 
  d               1    0        unsigned char 
 Return value:  Size  Location     Type
                  2    0[BANK1 ] int 
 Registers used:
		wreg, fsr0l, fsr0h, status,2, status,0, btemp+1, pclath, cstack
 Tracked objects:
		On entry : 
		On exit  : 
		Unchanged: 
 Data sizes:     COMMON   BANK0   BANK1   BANK3   BANK2
      Params:         0       0       5       0       0
      Locals:         0       0      25       0       0
      Temps:          0       0       5       0       0
      Totals:         0       0      35       0       0
Total ram usage:       35 bytes
 Hardware stack levels used:    1
 Hardware stack levels required when called:    3
 This function calls:
		___awdiv
		___fladd
		___fleq
		___flge
		___flmul
		___flneg
		___flsub
		___fltol
		___lldiv
		___llmod
		___wmul
		___xxtofl
		__div_to_l_
		__tdiv_to_l_
		_fround
		_scale
 This function is called by:
		_ADC_Read
 This function uses a non-reentrant model


 *************** function _scale *****************
 Defined at:
		line 433 in file "C:\Program Files (x86)\Microchip\xc8\v2.10\pic\sources\c90\common\doprnt.c"
 Parameters:    Size  Location     Type
  scl             1    wreg     char 
 Auto vars:     Size  Location     Type
  scl             1   48[BANK0 ] char 
 Return value:  Size  Location     Type
                  4   30[BANK0 ] char 
 Registers used:
		wreg, fsr0l, fsr0h, status,2, status,0, btemp+1, pclath, cstack
 Tracked objects:
		On entry : 
		On exit  : 
		Unchanged: 
 Data sizes:     COMMON   BANK0   BANK1   BANK3   BANK2
      Params:         0       4       0       0       0
      Locals:         0       5       0       0       0
      Temps:          0      10       0       0       0
      Totals:         0      19       0       0       0
Total ram usage:       19 bytes
 Hardware stack levels used:    1
 Hardware stack levels required when called:    2
 This function calls:
		___awdiv
		___awmod
		___flmul
 This function is called by:
		_sprintf
 This function uses a non-reentrant model


 *************** function ___awmod *****************
 Defined at:
		line 5 in file "C:\Program Files (x86)\Microchip\xc8\v2.10\pic\sources\c90\common\awmod.c"
 Parameters:    Size  Location     Type
  divisor         2    0[COMMON] int 
  dividend        2    2[COMMON] int 
 Auto vars:     Size  Location     Type
  sign            1    6[COMMON] unsigned char 
  counter         1    5[COMMON] unsigned char 
 Return value:  Size  Location     Type
                  2    0[COMMON] int 
 Registers used:
		wreg, status,2, status,0
 Tracked objects:
		On entry : 
		On exit  : 
		Unchanged: 
 Data sizes:     COMMON   BANK0   BANK1   BANK3   BANK2
      Params:         4       0       0       0       0
      Locals:         2       0       0       0       0
      Temps:          1       0       0       0       0
      Totals:         7       0       0       0       0
Total ram usage:        7 bytes
 Hardware stack levels used:    1
 This function calls:
		Nothing
 This function is called by:
		_scale
 This function uses a non-reentrant model


 *************** function ___awdiv *****************
 Defined at:
		line 5 in file "C:\Program Files (x86)\Microchip\xc8\v2.10\pic\sources\c90\common\awdiv.c"
 Parameters:    Size  Location     Type
  divisor         2    7[COMMON] int 
  dividend        2    9[COMMON] int 
 Auto vars:     Size  Location     Type
  quotient        2    2[BANK0 ] int 
  sign            1    1[BANK0 ] unsigned char 
  counter         1    0[BANK0 ] unsigned char 
 Return value:  Size  Location     Type
                  2    7[COMMON] int 
 Registers used:
		wreg, status,2, status,0
 Tracked objects:
		On entry : 
		On exit  : 
		Unchanged: 
 Data sizes:     COMMON   BANK0   BANK1   BANK3   BANK2
      Params:         4       0       0       0       0
      Locals:         0       4       0       0       0
      Temps:          1       0       0       0       0
      Totals:         5       4       0       0       0
Total ram usage:        9 bytes
 Hardware stack levels used:    1
 This function calls:
		Nothing
 This function is called by:
		_scale
		_sprintf
 This function uses a non-reentrant model


 *************** function _fround *****************
 Defined at:
		line 417 in file "C:\Program Files (x86)\Microchip\xc8\v2.10\pic\sources\c90\common\doprnt.c"
 Parameters:    Size  Location     Type
  prec            1    wreg     unsigned char 
 Auto vars:     Size  Location     Type
  prec            1   49[BANK0 ] unsigned char 
 Return value:  Size  Location     Type
                  4   30[BANK0 ] unsigned char 
 Registers used:
		wreg, fsr0l, fsr0h, status,2, status,0, btemp+1, pclath, cstack
 Tracked objects:
		On entry : 
		On exit  : 
		Unchanged: 
 Data sizes:     COMMON   BANK0   BANK1   BANK3   BANK2
      Params:         0       4       0       0       0
      Locals:         0       9       0       0       0
      Temps:          0       7       0       0       0
      Totals:         0      20       0       0       0
Total ram usage:       20 bytes
 Hardware stack levels used:    1
 Hardware stack levels required when called:    2
 This function calls:
		___flmul
		___lwdiv
		___lwmod
 This function is called by:
		_sprintf
 This function uses a non-reentrant model


 *************** function ___lwmod *****************
 Defined at:
		line 5 in file "C:\Program Files (x86)\Microchip\xc8\v2.10\pic\sources\c90\common\lwmod.c"
 Parameters:    Size  Location     Type
  divisor         2    0[COMMON] unsigned int 
  dividend        2    2[COMMON] unsigned int 
 Auto vars:     Size  Location     Type
  counter         1    5[COMMON] unsigned char 
 Return value:  Size  Location     Type
                  2    0[COMMON] unsigned int 
 Registers used:
		wreg, status,2, status,0
 Tracked objects:
		On entry : 
		On exit  : 
		Unchanged: 
 Data sizes:     COMMON   BANK0   BANK1   BANK3   BANK2
      Params:         4       0       0       0       0
      Locals:         1       0       0       0       0
      Temps:          1       0       0       0       0
      Totals:         6       0       0       0       0
Total ram usage:        6 bytes
 Hardware stack levels used:    1
 This function calls:
		Nothing
 This function is called by:
		_fround
 This function uses a non-reentrant model


 *************** function ___lwdiv *****************
 Defined at:
		line 5 in file "C:\Program Files (x86)\Microchip\xc8\v2.10\pic\sources\c90\common\lwdiv.c"
 Parameters:    Size  Location     Type
  divisor         2    6[COMMON] unsigned int 
  dividend        2    8[COMMON] unsigned int 
 Auto vars:     Size  Location     Type
  quotient        2   11[COMMON] unsigned int 
  counter         1   13[COMMON] unsigned char 
 Return value:  Size  Location     Type
                  2    6[COMMON] unsigned int 
 Registers used:
		wreg, status,2, status,0
 Tracked objects:
		On entry : 
		On exit  : 
		Unchanged: 
 Data sizes:     COMMON   BANK0   BANK1   BANK3   BANK2
      Params:         4       0       0       0       0
      Locals:         3       0       0       0       0
      Temps:          1       0       0       0       0
      Totals:         8       0       0       0       0
Total ram usage:        8 bytes
 Hardware stack levels used:    1
 This function calls:
		Nothing
 This function is called by:
		_fround
 This function uses a non-reentrant model


 *************** function ___flmul *****************
 Defined at:
		line 8 in file "C:\Program Files (x86)\Microchip\xc8\v2.10\pic\sources\c90\common\sprcmul.c"
 Parameters:    Size  Location     Type
  b               4    4[BANK0 ] unsigned int 
  a               4    8[BANK0 ] unsigned int 
 Auto vars:     Size  Location     Type
  prod            4   24[BANK0 ] struct .
  grs             4   18[BANK0 ] unsigned long 
  temp            2   28[BANK0 ] struct .
  bexp            1   23[BANK0 ] unsigned char 
  aexp            1   22[BANK0 ] unsigned char 
  sign            1   17[BANK0 ] unsigned char 
 Return value:  Size  Location     Type
                  4    4[BANK0 ] unsigned char 
 Registers used:
		wreg, status,2, status,0, btemp+1, pclath, cstack
 Tracked objects:
		On entry : 
		On exit  : 
		Unchanged: 
 Data sizes:     COMMON   BANK0   BANK1   BANK3   BANK2
      Params:         0       8       0       0       0
      Locals:         0      13       0       0       0
      Temps:          0       5       0       0       0
      Totals:         0      26       0       0       0
Total ram usage:       26 bytes
 Hardware stack levels used:    1
 Hardware stack levels required when called:    1
 This function calls:
		__Umul8_16
 This function is called by:
		_ADC_Read
		_fround
		_scale
		_sprintf
 This function uses a non-reentrant model


 *************** function __Umul8_16 *****************
 Defined at:
		line 4 in file "C:\Program Files (x86)\Microchip\xc8\v2.10\pic\sources\c90\common\Umul8_16.c"
 Parameters:    Size  Location     Type
  multiplier      1    wreg     unsigned char 
  multiplicand    1    0[COMMON] unsigned char 
 Auto vars:     Size  Location     Type
  multiplier      1    8[COMMON] unsigned char 
  word_mpld       2    6[COMMON] unsigned int 
  product         2    4[COMMON] unsigned int 
 Return value:  Size  Location     Type
                  2    0[COMMON] unsigned int 
 Registers used:
		wreg, status,2, status,0
 Tracked objects:
		On entry : 
		On exit  : 
		Unchanged: 
 Data sizes:     COMMON   BANK0   BANK1   BANK3   BANK2
      Params:         2       0       0       0       0
      Locals:         5       0       0       0       0
      Temps:          2       0       0       0       0
      Totals:         9       0       0       0       0
Total ram usage:        9 bytes
 Hardware stack levels used:    1
 This function calls:
		Nothing
 This function is called by:
		___flmul
 This function uses a non-reentrant model


 *************** function __tdiv_to_l_ *****************
 Defined at:
		line 60 in file "C:\Program Files (x86)\Microchip\xc8\v2.10\pic\sources\c90\common\ftdivl.c"
 Parameters:    Size  Location     Type
  f1              4    0[COMMON] float 
  f2              4    4[COMMON] float 
 Auto vars:     Size  Location     Type
  quot            4    0[BANK0 ] unsigned long 
  exp1            1    5[BANK0 ] unsigned char 
  cntr            1    4[BANK0 ] unsigned char 
 Return value:  Size  Location     Type
                  4    0[COMMON] unsigned long 
 Registers used:
		wreg, status,2, status,0
 Tracked objects:
		On entry : 
		On exit  : 
		Unchanged: 
 Data sizes:     COMMON   BANK0   BANK1   BANK3   BANK2
      Params:         8       0       0       0       0
      Locals:         0       6       0       0       0
      Temps:          4       0       0       0       0
      Totals:        12       6       0       0       0
Total ram usage:       18 bytes
 Hardware stack levels used:    1
 This function calls:
		Nothing
 This function is called by:
		_sprintf
 This function uses a non-reentrant model


 *************** function __div_to_l_ *****************
 Defined at:
		line 60 in file "C:\Program Files (x86)\Microchip\xc8\v2.10\pic\sources\c90\common\fldivl.c"
 Parameters:    Size  Location     Type
  f1              4    0[COMMON] unsigned long 
  f2              4    4[COMMON] unsigned long 
 Auto vars:     Size  Location     Type
  quot            4    0[BANK0 ] unsigned long 
  exp1            1    5[BANK0 ] unsigned char 
  cntr            1    4[BANK0 ] unsigned char 
 Return value:  Size  Location     Type
                  4    0[COMMON] unsigned long 
 Registers used:
		wreg, status,2, status,0
 Tracked objects:
		On entry : 
		On exit  : 
		Unchanged: 
 Data sizes:     COMMON   BANK0   BANK1   BANK3   BANK2
      Params:         8       0       0       0       0
      Locals:         0       6       0       0       0
      Temps:          1       0       0       0       0
      Totals:         9       6       0       0       0
Total ram usage:       15 bytes
 Hardware stack levels used:    1
 This function calls:
		Nothing
 This function is called by:
		_sprintf
 This function uses a non-reentrant model


 *************** function ___xxtofl *****************
 Defined at:
		line 10 in file "C:\Program Files (x86)\Microchip\xc8\v2.10\pic\sources\c90\common\xxtofl.c"
 Parameters:    Size  Location     Type
  sign            1    wreg     unsigned char 
  val             4    6[COMMON] long 
 Auto vars:     Size  Location     Type
  sign            1    0[BANK0 ] unsigned char 
  arg             4    2[BANK0 ] unsigned long 
  exp             1    1[BANK0 ] unsigned char 
 Return value:  Size  Location     Type
                  4    6[COMMON] unsigned char 
 Registers used:
		wreg, status,2, status,0
 Tracked objects:
		On entry : 
		On exit  : 
		Unchanged: 
 Data sizes:     COMMON   BANK0   BANK1   BANK3   BANK2
      Params:         4       0       0       0       0
      Locals:         0       6       0       0       0
      Temps:          4       0       0       0       0
      Totals:         8       6       0       0       0
Total ram usage:       14 bytes
 Hardware stack levels used:    1
 This function calls:
		Nothing
 This function is called by:
		_ADC_Read
		_sprintf
 This function uses a non-reentrant model


 *************** function ___wmul *****************
 Defined at:
		line 15 in file "C:\Program Files (x86)\Microchip\xc8\v2.10\pic\sources\c90\common\Umul16.c"
 Parameters:    Size  Location     Type
  multiplier      2    0[COMMON] unsigned int 
  multiplicand    2    2[COMMON] unsigned int 
 Auto vars:     Size  Location     Type
  product         2    4[COMMON] unsigned int 
 Return value:  Size  Location     Type
                  2    0[COMMON] unsigned int 
 Registers used:
		wreg, status,2, status,0
 Tracked objects:
		On entry : 
		On exit  : 
		Unchanged: 
 Data sizes:     COMMON   BANK0   BANK1   BANK3   BANK2
      Params:         4       0       0       0       0
      Locals:         2       0       0       0       0
      Temps:          0       0       0       0       0
      Totals:         6       0       0       0       0
Total ram usage:        6 bytes
 Hardware stack levels used:    1
 This function calls:
		Nothing
 This function is called by:
		_ADC_Read
		_sprintf
 This function uses a non-reentrant model


 *************** function ___llmod *****************
 Defined at:
		line 5 in file "C:\Program Files (x86)\Microchip\xc8\v2.10\pic\sources\c90\common\llmod.c"
 Parameters:    Size  Location     Type
  divisor         4    0[COMMON] unsigned long 
  dividend        4    4[COMMON] unsigned long 
 Auto vars:     Size  Location     Type
  counter         1    9[COMMON] unsigned char 
 Return value:  Size  Location     Type
                  4    0[COMMON] unsigned long 
 Registers used:
		wreg, status,2, status,0
 Tracked objects:
		On entry : 
		On exit  : 
		Unchanged: 
 Data sizes:     COMMON   BANK0   BANK1   BANK3   BANK2
      Params:         8       0       0       0       0
      Locals:         1       0       0       0       0
      Temps:          1       0       0       0       0
      Totals:        10       0       0       0       0
Total ram usage:       10 bytes
 Hardware stack levels used:    1
 This function calls:
		Nothing
 This function is called by:
		_sprintf
 This function uses a non-reentrant model


 *************** function ___lldiv *****************
 Defined at:
		line 5 in file "C:\Program Files (x86)\Microchip\xc8\v2.10\pic\sources\c90\common\__lldiv.c"
 Parameters:    Size  Location     Type
  divisor         4    0[COMMON] unsigned long 
  dividend        4    4[COMMON] unsigned long 
 Auto vars:     Size  Location     Type
  quotient        4    9[COMMON] unsigned long 
  counter         1   13[COMMON] unsigned char 
 Return value:  Size  Location     Type
                  4    0[COMMON] unsigned long 
 Registers used:
		wreg, status,2, status,0
 Tracked objects:
		On entry : 
		On exit  : 
		Unchanged: 
 Data sizes:     COMMON   BANK0   BANK1   BANK3   BANK2
      Params:         8       0       0       0       0
      Locals:         5       0       0       0       0
      Temps:          1       0       0       0       0
      Totals:        14       0       0       0       0
Total ram usage:       14 bytes
 Hardware stack levels used:    1
 This function calls:
		Nothing
 This function is called by:
		_sprintf
 This function uses a non-reentrant model


 *************** function ___fltol *****************
 Defined at:
		line 43 in file "C:\Program Files (x86)\Microchip\xc8\v2.10\pic\sources\c90\common\fltol.c"
 Parameters:    Size  Location     Type
  f1              4   49[BANK0 ] unsigned long 
 Auto vars:     Size  Location     Type
  exp1            1   59[BANK0 ] unsigned char 
  sign1           1   58[BANK0 ] unsigned char 
 Return value:  Size  Location     Type
                  4   49[BANK0 ] long 
 Registers used:
		wreg, status,2, status,0
 Tracked objects:
		On entry : 
		On exit  : 
		Unchanged: 
 Data sizes:     COMMON   BANK0   BANK1   BANK3   BANK2
      Params:         0       4       0       0       0
      Locals:         0       2       0       0       0
      Temps:          0       5       0       0       0
      Totals:         0      11       0       0       0
Total ram usage:       11 bytes
 Hardware stack levels used:    1
 This function calls:
		Nothing
 This function is called by:
		_sprintf
 This function uses a non-reentrant model


 *************** function ___flsub *****************
 Defined at:
		line 242 in file "C:\Program Files (x86)\Microchip\xc8\v2.10\pic\sources\c90\common\sprcadd.c"
 Parameters:    Size  Location     Type
  a               4   70[BANK0 ] long 
  b               4   74[BANK0 ] long 
 Auto vars:     Size  Location     Type
		None
 Return value:  Size  Location     Type
                  4   70[BANK0 ] long 
 Registers used:
		wreg, status,2, status,0, btemp+1, pclath, cstack
 Tracked objects:
		On entry : 
		On exit  : 
		Unchanged: 
 Data sizes:     COMMON   BANK0   BANK1   BANK3   BANK2
      Params:         0       8       0       0       0
      Locals:         0       0       0       0       0
      Temps:          0       0       0       0       0
      Totals:         0       8       0       0       0
Total ram usage:        8 bytes
 Hardware stack levels used:    1
 Hardware stack levels required when called:    1
 This function calls:
		___fladd
 This function is called by:
		_sprintf
 This function uses a non-reentrant model


 *************** function ___fladd *****************
 Defined at:
		line 10 in file "C:\Program Files (x86)\Microchip\xc8\v2.10\pic\sources\c90\common\sprcadd.c"
 Parameters:    Size  Location     Type
  b               4   50[BANK0 ] long 
  a               4   54[BANK0 ] long 
 Auto vars:     Size  Location     Type
  grs             1   69[BANK0 ] unsigned char 
  bexp            1   68[BANK0 ] unsigned char 
  aexp            1   67[BANK0 ] unsigned char 
  signs           1   66[BANK0 ] unsigned char 
 Return value:  Size  Location     Type
                  4   50[BANK0 ] unsigned char 
 Registers used:
		wreg, status,2, status,0, btemp+1
 Tracked objects:
		On entry : 
		On exit  : 
		Unchanged: 
 Data sizes:     COMMON   BANK0   BANK1   BANK3   BANK2
      Params:         0       8       0       0       0
      Locals:         0       4       0       0       0
      Temps:          0       8       0       0       0
      Totals:         0      20       0       0       0
Total ram usage:       20 bytes
 Hardware stack levels used:    1
 This function calls:
		Nothing
 This function is called by:
		_sprintf
		___flsub
 This function uses a non-reentrant model


 *************** function ___flneg *****************
 Defined at:
		line 15 in file "C:\Program Files (x86)\Microchip\xc8\v2.10\pic\sources\c90\common\flneg.c"
 Parameters:    Size  Location     Type
  f1              4    0[COMMON] unsigned char 
 Auto vars:     Size  Location     Type
		None
 Return value:  Size  Location     Type
                  4    0[COMMON] unsigned char 
 Registers used:
		wreg
 Tracked objects:
		On entry : 
		On exit  : 
		Unchanged: 
 Data sizes:     COMMON   BANK0   BANK1   BANK3   BANK2
      Params:         4       0       0       0       0
      Locals:         0       0       0       0       0
      Temps:          0       0       0       0       0
      Totals:         4       0       0       0       0
Total ram usage:        4 bytes
 Hardware stack levels used:    1
 This function calls:
		Nothing
 This function is called by:
		_sprintf
 This function uses a non-reentrant model


 *************** function ___flge *****************
 Defined at:
		line 4 in file "C:\Program Files (x86)\Microchip\xc8\v2.10\pic\sources\c90\common\flge.c"
 Parameters:    Size  Location     Type
  ff1             4    0[COMMON] unsigned char 
  ff2             4    4[COMMON] unsigned char 
 Auto vars:     Size  Location     Type
		None
 Return value:  Size  Location     Type
		None               void
 Registers used:
		wreg, status,2, status,0
 Tracked objects:
		On entry : 
		On exit  : 
		Unchanged: 
 Data sizes:     COMMON   BANK0   BANK1   BANK3   BANK2
      Params:         8       0       0       0       0
      Locals:         0       0       0       0       0
      Temps:          4       0       0       0       0
      Totals:        12       0       0       0       0
Total ram usage:       12 bytes
 Hardware stack levels used:    1
 This function calls:
		Nothing
 This function is called by:
		_sprintf
 This function uses a non-reentrant model


 *************** function ___fleq *****************
 Defined at:
		line 4 in file "C:\Program Files (x86)\Microchip\xc8\v2.10\pic\sources\c90\common\fleq.c"
 Parameters:    Size  Location     Type
  ff1             4    0[COMMON] unsigned char 
  ff2             4    4[COMMON] unsigned char 
 Auto vars:     Size  Location     Type
		None
 Return value:  Size  Location     Type
		None               void
 Registers used:
		wreg, status,2, status,0
 Tracked objects:
		On entry : 
		On exit  : 
		Unchanged: 
 Data sizes:     COMMON   BANK0   BANK1   BANK3   BANK2
      Params:         8       0       0       0       0
      Locals:         0       0       0       0       0
      Temps:          4       0       0       0       0
      Totals:        12       0       0       0       0
Total ram usage:       12 bytes
 Hardware stack levels used:    1
 This function calls:
		Nothing
 This function is called by:
		_sprintf
 This function uses a non-reentrant model


 *************** function ___fldiv *****************
 Defined at:
		line 8 in file "C:\Program Files (x86)\Microchip\xc8\v2.10\pic\sources\c90\common\sprcdiv.c"
 Parameters:    Size  Location     Type
  a               4    6[BANK0 ] unsigned char 
  b               4   10[BANK0 ] unsigned char 
 Auto vars:     Size  Location     Type
  grs             4   26[BANK0 ] unsigned long 
  rem             4   19[BANK0 ] unsigned long 
  new_exp         2   24[BANK0 ] int 
  aexp            1   31[BANK0 ] unsigned char 
  bexp            1   30[BANK0 ] unsigned char 
  sign            1   23[BANK0 ] unsigned char 
 Return value:  Size  Location     Type
                  4    6[BANK0 ] unsigned char 
 Registers used:
		wreg, status,2, status,0, btemp+1
 Tracked objects:
		On entry : 
		On exit  : 
		Unchanged: 
 Data sizes:     COMMON   BANK0   BANK1   BANK3   BANK2
      Params:         0       8       0       0       0
      Locals:         0      13       0       0       0
      Temps:          0       5       0       0       0
      Totals:         0      26       0       0       0
Total ram usage:       26 bytes
 Hardware stack levels used:    1
 This function calls:
		Nothing
 This function is called by:
		_ADC_Read
 This function uses a non-reentrant model


 *************** function _Lcd_Set_Cursor *****************
 Defined at:
		line 51 in file "./LCD_driver.c"
 Parameters:    Size  Location     Type
  row             1    wreg     unsigned char 
  column          1    4[COMMON] unsigned char 
 Auto vars:     Size  Location     Type
  row             1    7[COMMON] unsigned char 
  temp            1   10[COMMON] unsigned char 
  y               1    9[COMMON] unsigned char 
  z               1    8[COMMON] unsigned char 
 Return value:  Size  Location     Type
                  1    wreg      void 
 Registers used:
		wreg, status,2, status,0, pclath, cstack
 Tracked objects:
		On entry : 
		On exit  : 
		Unchanged: 
 Data sizes:     COMMON   BANK0   BANK1   BANK3   BANK2
      Params:         1       0       0       0       0
      Locals:         4       0       0       0       0
      Temps:          2       0       0       0       0
      Totals:         7       0       0       0       0
Total ram usage:        7 bytes
 Hardware stack levels used:    1
 Hardware stack levels required when called:    2
 This function calls:
		_Lcd_Cmd
 This function is called by:
		_ADC_Read
 This function uses a non-reentrant model


 *************** function _Lcd_Print_String *****************
 Defined at:
		line 107 in file "./LCD_driver.c"
 Parameters:    Size  Location     Type
  a               2    5[COMMON] PTR unsigned char 
		 -> STR_2(13), char_data(16), 
 Auto vars:     Size  Location     Type
  i               2   10[COMMON] int 
 Return value:  Size  Location     Type
                  1    wreg      void 
 Registers used:
		wreg, fsr0l, fsr0h, status,2, status,0, btemp+1, pclath, cstack
 Tracked objects:
		On entry : 
		On exit  : 
		Unchanged: 
 Data sizes:     COMMON   BANK0   BANK1   BANK3   BANK2
      Params:         2       0       0       0       0
      Locals:         2       0       0       0       0
      Temps:          3       0       0       0       0
      Totals:         7       0       0       0       0
Total ram usage:        7 bytes
 Hardware stack levels used:    1
 Hardware stack levels required when called:    2
 This function calls:
		_Lcd_Print_Char
 This function is called by:
		_ADC_Read
 This function uses a non-reentrant model


 *************** function _Lcd_Print_Char *****************
 Defined at:
		line 91 in file "./LCD_driver.c"
 Parameters:    Size  Location     Type
  data            1    wreg     unsigned char 
 Auto vars:     Size  Location     Type
  data            1    4[COMMON] unsigned char 
  Upper_Nibble    1    3[COMMON] unsigned char 
  Lower_Nibble    1    2[COMMON] unsigned char 
 Return value:  Size  Location     Type
                  1    wreg      void 
 Registers used:
		wreg, status,2, status,0, pclath, cstack
 Tracked objects:
		On entry : 
		On exit  : 
		Unchanged: 
 Data sizes:     COMMON   BANK0   BANK1   BANK3   BANK2
      Params:         0       0       0       0       0
      Locals:         3       0       0       0       0
      Temps:          1       0       0       0       0
      Totals:         4       0       0       0       0
Total ram usage:        4 bytes
 Hardware stack levels used:    1
 Hardware stack levels required when called:    1
 This function calls:
		_Lcd_SetBit
 This function is called by:
		_Lcd_Print_String
 This function uses a non-reentrant model


 *************** function _Lcd_Clear *****************
 Defined at:
		line 44 in file "./LCD_driver.c"
 Parameters:    Size  Location     Type
		None
 Auto vars:     Size  Location     Type
		None
 Return value:  Size  Location     Type
                  1    wreg      void 
 Registers used:
		wreg, status,2, status,0, pclath, cstack
 Tracked objects:
		On entry : 
		On exit  : 
		Unchanged: 
 Data sizes:     COMMON   BANK0   BANK1   BANK3   BANK2
      Params:         0       0       0       0       0
      Locals:         0       0       0       0       0
      Temps:          0       0       0       0       0
      Totals:         0       0       0       0       0
Total ram usage:        0 bytes
 Hardware stack levels used:    1
 Hardware stack levels required when called:    2
 This function calls:
		_Lcd_Cmd
 This function is called by:
		_main
		_ADC_Read
 This function uses a non-reentrant model


 *************** function _Lcd_Cmd *****************
 Defined at:
		line 35 in file "./LCD_driver.c"
 Parameters:    Size  Location     Type
  a               1    wreg     unsigned char 
 Auto vars:     Size  Location     Type
  a               1    3[COMMON] unsigned char 
 Return value:  Size  Location     Type
                  1    wreg      void 
 Registers used:
		wreg, status,2, status,0, pclath, cstack
 Tracked objects:
		On entry : 
		On exit  : 
		Unchanged: 
 Data sizes:     COMMON   BANK0   BANK1   BANK3   BANK2
      Params:         0       0       0       0       0
      Locals:         1       0       0       0       0
      Temps:          2       0       0       0       0
      Totals:         3       0       0       0       0
Total ram usage:        3 bytes
 Hardware stack levels used:    1
 Hardware stack levels required when called:    1
 This function calls:
		_Lcd_SetBit
 This function is called by:
		_Lcd_Clear
		_Lcd_Set_Cursor
		_Lcd_Start
 This function uses a non-reentrant model


 *************** function _Lcd_SetBit *****************
 Defined at:
		line 12 in file "./LCD_driver.c"
 Parameters:    Size  Location     Type
  data_bit        1    wreg     unsigned char 
 Auto vars:     Size  Location     Type
  data_bit        1    0[COMMON] unsigned char 
 Return value:  Size  Location     Type
                  1    wreg      void 
 Registers used:
		wreg
 Tracked objects:
		On entry : 
		On exit  : 
		Unchanged: 
 Data sizes:     COMMON   BANK0   BANK1   BANK3   BANK2
      Params:         0       0       0       0       0
      Locals:         1       0       0       0       0
      Temps:          0       0       0       0       0
      Totals:         1       0       0       0       0
Total ram usage:        1 bytes
 Hardware stack levels used:    1
 This function calls:
		Nothing
 This function is called by:
		_Lcd_Cmd
		_Lcd_Start
		_Lcd_Print_Char
 This function uses a non-reentrant model


 *************** function _ADC_Init *****************
 Defined at:
		line 52 in file "main.c"
 Parameters:    Size  Location     Type
		None
 Auto vars:     Size  Location     Type
		None
 Return value:  Size  Location     Type
                  1    wreg      void 
 Registers used:
		wreg
 Tracked objects:
		On entry : 
		On exit  : 
		Unchanged: 
 Data sizes:     COMMON   BANK0   BANK1   BANK3   BANK2
      Params:         0       0       0       0       0
      Locals:         0       0       0       0       0
      Temps:          0       0       0       0       0
      Totals:         0       0       0       0       0
Total ram usage:        0 bytes
 Hardware stack levels used:    1
 This function calls:
		Nothing
 This function is called by:
		_main
 This function uses a non-reentrant model



MODULE INFORMATION

Module		Function		Class		Link	Load	Size
C:\Program Files (x86)\Microchip\xc8\v2.10\pic\sources\c90\common\fleq.c
		___fleq        		CODE           	1D68	0000	79

C:\Program Files (x86)\Microchip\xc8\v2.10\pic\sources\c90\common\fleq.c estimated size: 79

C:\Program Files (x86)\Microchip\xc8\v2.10\pic\sources\c90\common\lwdiv.c
		___lwdiv       		CODE           	1D24	0000	69

C:\Program Files (x86)\Microchip\xc8\v2.10\pic\sources\c90\common\lwdiv.c estimated size: 69

C:\Program Files (x86)\Microchip\xc8\v2.10\pic\sources\c90\common\awdiv.c
		___awdiv       		CODE           	1F1B	0000	106

C:\Program Files (x86)\Microchip\xc8\v2.10\pic\sources\c90\common\awdiv.c estimated size: 106

C:\Program Files (x86)\Microchip\xc8\v2.10\pic\sources\c90\common\fltol.c
		___fltol       		CODE           	1F84	0000	125

C:\Program Files (x86)\Microchip\xc8\v2.10\pic\sources\c90\common\fltol.c estimated size: 125

C:\Program Files (x86)\Microchip\xc8\v2.10\pic\sources\c90\common\ftdivl.c
		__tdiv_to_l_   		CODE           	1220	0000	190

C:\Program Files (x86)\Microchip\xc8\v2.10\pic\sources\c90\common\ftdivl.c estimated size: 190

C:\Program Files (x86)\Microchip\xc8\v2.10\pic\sources\c90\common\Umul16.c
		___wmul        		CODE           	1C1F	0000	38

C:\Program Files (x86)\Microchip\xc8\v2.10\pic\sources\c90\common\Umul16.c estimated size: 38

C:\Program Files (x86)\Microchip\xc8\v2.10\pic\sources\c90\common\fldivl.c
		__div_to_l_    		CODE           	12DD	0000	191

C:\Program Files (x86)\Microchip\xc8\v2.10\pic\sources\c90\common\fldivl.c estimated size: 191

C:\Program Files (x86)\Microchip\xc8\v2.10\pic\sources\c90\common\sprcmul.c
		___flmul       		CODE           	0C9F	0000	866

C:\Program Files (x86)\Microchip\xc8\v2.10\pic\sources\c90\common\sprcmul.c estimated size: 866

C:\Program Files (x86)\Microchip\xc8\v2.10\pic\sources\c90\common\Umul8_16.c
		__Umul8_16     		CODE           	1C44	0000	40

C:\Program Files (x86)\Microchip\xc8\v2.10\pic\sources\c90\common\Umul8_16.c estimated size: 40

C:\Program Files (x86)\Microchip\xc8\v2.10\pic\sources\c90\common\__lldiv.c
		___lldiv       		CODE           	1EB5	0000	103

C:\Program Files (x86)\Microchip\xc8\v2.10\pic\sources\c90\common\__lldiv.c estimated size: 103

C:\Program Files (x86)\Microchip\xc8\v2.10\pic\sources\c90\common\sprcdiv.c
		___fldiv       		CODE           	139B	0000	478

C:\Program Files (x86)\Microchip\xc8\v2.10\pic\sources\c90\common\sprcdiv.c estimated size: 478

C:\Program Files (x86)\Microchip\xc8\v2.10\pic\sources\c90\common\flneg.c
		___flneg       		CODE           	1B99	0000	12

C:\Program Files (x86)\Microchip\xc8\v2.10\pic\sources\c90\common\flneg.c estimated size: 12

C:\Program Files (x86)\Microchip\xc8\v2.10\pic\sources\c90\common\flge.c
		___flge        		CODE           	10C2	0000	163

C:\Program Files (x86)\Microchip\xc8\v2.10\pic\sources\c90\common\flge.c estimated size: 163

C:\Program Files (x86)\Microchip\xc8\v2.10\pic\sources\c90\common\xxtofl.c
		___xxtofl      		CODE           	1164	0000	189

C:\Program Files (x86)\Microchip\xc8\v2.10\pic\sources\c90\common\xxtofl.c estimated size: 189

shared
		__stringtab    		STRING         	1000	0000	17
		__powers_      		STRING         	1010	0000	53
		_dpowers       		STRING         	1078	0000	41
		__npowers_     		STRING         	1044	0000	53
		__initialization		CODE           	07F3	0000	10

shared estimated size: 174

C:\Program Files (x86)\Microchip\xc8\v2.10\pic\sources\c90\common\lwmod.c
		___lwmod       		CODE           	1C6B	0000	59

C:\Program Files (x86)\Microchip\xc8\v2.10\pic\sources\c90\common\lwmod.c estimated size: 59

./LCD_driver.c
		_Lcd_Cmd       		CODE           	1BA4	0000	27
		_Lcd_SetBit    		CODE           	1BD9	0000	35
		_Lcd_Start     		CODE           	1CA5	0000	62
		_Lcd_Set_Cursor		CODE           	1DB6	0000	83
		_Lcd_Clear     		CODE           	10B5	0000	14
		_Lcd_Print_String		CODE           	1CE2	0000	67
		_Lcd_Print_Char		CODE           	0003	0000	44

./LCD_driver.c estimated size: 332

C:\Program Files (x86)\Microchip\xc8\v2.10\pic\sources\c90\common\awmod.c
		___awmod       		CODE           	1E5C	0000	90

C:\Program Files (x86)\Microchip\xc8\v2.10\pic\sources\c90\common\awmod.c estimated size: 90

C:\Program Files (x86)\Microchip\xc8\v2.10\pic\sources\c90\common\llmod.c
		___llmod       		CODE           	1E08	0000	85

C:\Program Files (x86)\Microchip\xc8\v2.10\pic\sources\c90\common\llmod.c estimated size: 85

C:\Program Files (x86)\Microchip\xc8\v2.10\pic\sources\c90\common\sprcadd.c
		___flsub       		CODE           	1BFB	0000	37
		___fladd       		CODE           	1578	0000	649

C:\Program Files (x86)\Microchip\xc8\v2.10\pic\sources\c90\common\sprcadd.c estimated size: 686

C:\Program Files (x86)\Microchip\xc8\v2.10\pic\sources\c90\common\doprnt.c
		_scale         		CODE           	0940	0000	864
		_sprintf       		CODE           	0239	0000	1467
		_fround        		CODE           	002E	0000	524

C:\Program Files (x86)\Microchip\xc8\v2.10\pic\sources\c90\common\doprnt.c estimated size: 2855

main.c
		_main          		CODE           	1BBE	0000	28
		_ADC_Read      		CODE           	0812	0000	303
		_ADC_Init      		CODE           	0801	0000	18

main.c estimated size: 349

