Microchip MPLAB XC8 Compiler V2.10 ()

Linker command line:

-W-3 --edf=C:\Program Files (x86)\Microchip\xc8\v2.10\pic\dat\en_msgs.txt \
  -cs -h+dist/default/production\Keypad.X.production.sym \
  --cmf=dist/default/production\Keypad.X.production.cmf -z -Q16F887 \
  -oC:\Users\Soul_PC\AppData\Local\Temp\s24k.2 --defsym=__MPLAB_BUILD=1 \
  -Mdist/default/production/Keypad.X.production.map -E1 -ver=XC8 \
  --acfsm=1493 -ASTACK=0110h-016Fh -pstack=STACK -ACODE=00h-07FFhx4 \
  -ASTRCODE=00h-01FFFh -ASTRING=00h-0FFhx32 -ACONST=00h-0FFhx32 \
  -AENTRY=00h-0FFhx32 -ACOMMON=070h-07Fh -ABANK0=020h-06Fh \
  -ABANK1=0A0h-0EFh -ABANK2=0110h-016Fh -ABANK3=0190h-01EFh \
  -ARAM=020h-06Fh,0A0h-0EFh,0110h-016Fh,0190h-01EFh \
  -AABS1=020h-07Fh,0A0h-0EFh,0110h-016Fh,0190h-01EFh -ASFR0=00h-01Fh \
  -ASFR1=080h-09Fh -ASFR2=0100h-010Fh -ASFR3=0180h-018Fh \
  -preset_vec=00h,intentry=04h,init,end_init -ppowerup=CODE -pcinit=CODE \
  -pfunctab=ENTRY -ACONFIG=02007h-02008h -pconfig=CONFIG -DCONFIG=2 \
  -AIDLOC=02000h-02003h -pidloc=IDLOC -DIDLOC=2 -AEEDATA=00h-0FFh/02100h \
  -peeprom_data=EEDATA -DEEDATA=2 -DCODE=2 -DSTRCODE=2 -DSTRING=2 -DCONST=2 \
  -DENTRY=2 -k C:\Users\Soul_PC\AppData\Local\Temp\s24k.o \
  dist/default/production\Keypad.X.production.o 

Object code version is 3.11

Machine type is 16F887



                Name                               Link     Load   Length Selector   Space Scale
C:\Users\Soul_PC\AppData\Local\Temp\s24k.o
                end_init                             12       12        3        8       0
                reset_vec                             0        0        3        0       0
                config                             2007     2007        1     400E       0
dist/default/production\Keypad.X.production.o
                cinit                                15       15        4        8       0
                intentry                              4        4        E        8       0
                text14                              218      218       22        8       0
                text13                              1A2      1A2       2B        8       0
                text12                              1F3      1F3       25        8       0
                text11                              2CF      2CF       13      4EE       0
                text10                              2A4      2A4       16      4EE       0
                text9                               113      113       52        8       0
                text8                               2EF      2EF        D      4EE       0
                text7                                19       19       FA        8       0
                text6                               277      277       17      4EE       0
                text5                               23A      23A       20        8       0
                text4                               2BA      2BA       15      4EE       0
                text3                               28E      28E       16      4EE       0
                text2                               2E2      2E2        D      4EE       0
                text1                               165      165       3D        8       0
                maintext                            1CD      1CD       26        8       0
                cstackBANK0                          20       20        3       20       1
                cstackCOMMON                         70       70        D       70       1
                strings                             25A      25A       1D      4B4       0

TOTAL           Name                               Link     Load   Length     Space
        CLASS   STACK          

        CLASS   CODE           
                end_init                             12       12        3         0
                cinit                                15       15        4         0
                intentry                              4        4        E         0
                reset_vec                             0        0        3         0
                text14                              218      218       22         0
                text13                              1A2      1A2       2B         0
                text12                              1F3      1F3       25         0
                text11                              2CF      2CF       13         0
                text10                              2A4      2A4       16         0
                text9                               113      113       52         0
                text8                               2EF      2EF        D         0
                text7                                19       19       FA         0
                text6                               277      277       17         0
                text5                               23A      23A       20         0
                text4                               2BA      2BA       15         0
                text3                               28E      28E       16         0
                text2                               2E2      2E2        D         0
                text1                               165      165       3D         0
                maintext                            1CD      1CD       26         0

        CLASS   STRCODE        

        CLASS   STRING         
                strings                             25A      25A       1D         0

        CLASS   CONST          

        CLASS   ENTRY          

        CLASS   COMMON         
                cstackCOMMON                         70       70        D         1

        CLASS   BANK0          
                cstackBANK0                          20       20        3         1

        CLASS   BANK1          

        CLASS   BANK2          

        CLASS   BANK3          

        CLASS   RAM            

        CLASS   ABS1           
                abs_s1                               7E       7E        2         1

        CLASS   SFR0           

        CLASS   SFR1           

        CLASS   SFR2           

        CLASS   SFR3           

        CLASS   CONFIG         
                config                             2007     2007        1         0

        CLASS   IDLOC          

        CLASS   EEDATA         



SEGMENTS        Name                           Load    Length   Top    Selector   Space  Class     Delta

                reset_vec                      000000  000003  000003         0       0  CODE        2
                intentry                       000004  000256  00025A         8       0  CODE        2
                cstackBANK0                    000020  000003  000023        20       1  BANK0       1
                cstackCOMMON                   000070  00000D  00007D        70       1  COMMON      1
                strings                        00025A  00001D  000277       4B4       0  STRING      2
                text6                          000277  000085  0002FC       4EE       0  CODE        2
                config                         002007  000001  002008      400E       0  CONFIG      2


UNUSED ADDRESS RANGES

        Name                Unused          Largest block    Delta
        BANK0            0023-006F             4D           1
        BANK1            00A0-00EF             50           1
        BANK2            0110-016F             60           1
        BANK3            0190-01EF             60           1
        CODE             0003-0003              1           2
                         02FC-1FFF            800
        COMMON           007D-007D              1           1
        CONFIG           2008-2008              1           2
        CONST            0003-0003              1           2
                         02FC-1FFF            100
        EEDATA           2100-21FF            100           2
        ENTRY            0003-0003              1           2
                         02FC-1FFF            100
        IDLOC            2000-2003              4           2
        RAM              0023-006F             4D           1
                         00A0-00EF             50
                         0110-016F             60
                         0190-01EF             60
        SFR0             0000-001F             20           1
        SFR1             0080-009F             20           1
        SFR2             0100-010F             10           1
        SFR3             0180-018F             10           1
        STACK            0110-016F             60           1
        STRCODE          0003-0003              1           2
                         02FC-1FFF           1D04
        STRING           0003-0003              1           2
                         02FC-1FFF            100

                                  Symbol Table

Lcd_Cmd@a                   cstackBANK0  0021
Lcd_Print_Char@Lower_Nibble cstackCOMMON 0072
Lcd_Print_Char@Upper_Nibble cstackCOMMON 0073
Lcd_Print_Char@data         cstackCOMMON 0074
Lcd_Print_String@a          cstackCOMMON 0077
Lcd_Print_String@i          cstackCOMMON 0075
Lcd_SetBit@data_bit         cstackBANK0  0020
Lcd_Set_Cursor@column       cstackCOMMON 0072
Lcd_Set_Cursor@row          cstackCOMMON 0075
Lcd_Set_Cursor@temp         cstackCOMMON 0078
Lcd_Set_Cursor@y            cstackCOMMON 0077
Lcd_Set_Cursor@z            cstackCOMMON 0076
_ANSEL                      (abs)        0188
_ANSELH                     (abs)        0189
_INTCONbits                 (abs)        000B
_IOCB                       (abs)        0096
_Lcd_Clear                  text2        02E2
_Lcd_Cmd                    text3        028E
_Lcd_Print_Char             text13       01A2
_Lcd_Print_String           text12       01F3
_Lcd_SetBit                 text5        023A
_Lcd_Set_Cursor             text9        0113
_Lcd_Start                  text1        0165
_MyISR                      text6        0277
_PIE1                       (abs)        008C
_PIR1bits                   (abs)        000C
_PORTB                      (abs)        0006
_PORTBbits                  (abs)        0006
_PORTDbits                  (abs)        0008
_T1CON                      (abs)        0010
_TMR1H                      (abs)        000F
_TMR1L                      (abs)        000E
_TRISB                      (abs)        0086
_TRISD                      (abs)        0088
_Timer_Delay                text4        02BA
__CFG_LVP$OFF               (abs)        0000
__CFG_WDTE$OFF              (abs)        0000
__Habs1                     abs1         0000
__Hbank0                    bank0        0000
__Hbank1                    bank1        0000
__Hbank2                    bank2        0000
__Hbank3                    bank3        0000
__Hcinit                    cinit        0019
__Hclrtext                  clrtext      0000
__Hcode                     code         0000
__Hcommon                   common       0000
__Hconfig                   config       2008
__HcstackBANK0              cstackBANK0  0000
__HcstackCOMMON             cstackCOMMON 0000
__Heeprom_data              eeprom_data  0000
__Hend_init                 end_init     0015
__Hfunctab                  functab      0000
__Hidloc                    idloc        0000
__Hinit                     init         0012
__Hintentry                 intentry     0012
__Hmaintext                 maintext     0000
__Hpowerup                  powerup      0000
__Hram                      ram          0000
__Hreset_vec                reset_vec    0003
__Hsfr0                     sfr0         0000
__Hsfr1                     sfr1         0000
__Hsfr2                     sfr2         0000
__Hsfr3                     sfr3         0000
__Hspace_0                  (abs)        2008
__Hspace_1                  (abs)        007D
__Hspace_2                  (abs)        0000
__Hspace_3                  (abs)        0000
__Hstack                    stack        0000
__Hstrings                  strings      0000
__Htext                     text         0000
__Labs1                     abs1         0000
__Lbank0                    bank0        0000
__Lbank1                    bank1        0000
__Lbank2                    bank2        0000
__Lbank3                    bank3        0000
__Lcinit                    cinit        0015
__Lclrtext                  clrtext      0000
__Lcode                     code         0000
__Lcommon                   common       0000
__Lconfig                   config       2007
__LcstackBANK0              cstackBANK0  0000
__LcstackCOMMON             cstackCOMMON 0000
__Leeprom_data              eeprom_data  0000
__Lend_init                 end_init     0012
__Lfunctab                  functab      0000
__Lidloc                    idloc        0000
__Linit                     init         0012
__Lintentry                 intentry     0004
__Lmaintext                 maintext     0000
__Lpowerup                  powerup      0000
__Lram                      ram          0000
__Lreset_vec                reset_vec    0000
__Lsfr0                     sfr0         0000
__Lsfr1                     sfr1         0000
__Lsfr2                     sfr2         0000
__Lsfr3                     sfr3         0000
__Lspace_0                  (abs)        0000
__Lspace_1                  (abs)        0000
__Lspace_2                  (abs)        0000
__Lspace_3                  (abs)        0000
__Lstack                    stack        0000
__Lstrings                  strings      0000
__Ltext                     text         0000
__S0                        (abs)        2008
__S1                        (abs)        007D
__S2                        (abs)        0000
__S3                        (abs)        0000
___int_sp                   stack        0000
___latbits                  (abs)        0002
___sp                       stack        0000
___stackhi                  (abs)        0000
___stacklo                  (abs)        0000
__end_of_Lcd_Clear          text2        02EF
__end_of_Lcd_Cmd            text3        02A4
__end_of_Lcd_Print_Char     text13       01CD
__end_of_Lcd_Print_String   text12       0218
__end_of_Lcd_SetBit         text5        025A
__end_of_Lcd_Set_Cursor     text9        0165
__end_of_Lcd_Start          text1        01A2
__end_of_MyISR              text6        028E
__end_of_Timer_Delay        text4        02CF
__end_of__initialization    cinit        0015
__end_of__stringtab         strings      0260
__end_of_main               maintext     01F3
__end_of_seek_press_key     text7        0113
__end_ofi1_Lcd_Clear        text8        02FC
__end_ofi1_Lcd_Cmd          text10       02BA
__end_ofi1_Lcd_SetBit       text14       023A
__end_ofi1_Timer_Delay      text11       02E2
__initialization            cinit        0015
__pcstackBANK0              cstackBANK0  0020
__pcstackCOMMON             cstackCOMMON 0070
__pintentry                 intentry     0004
__pmaintext                 maintext     01CD
__pstrings                  strings      025A
__ptext1                    text1        0165
__ptext10                   text10       02A4
__ptext11                   text11       02CF
__ptext12                   text12       01F3
__ptext13                   text13       01A2
__ptext14                   text14       0218
__ptext2                    text2        02E2
__ptext3                    text3        028E
__ptext4                    text4        02BA
__ptext5                    text5        023A
__ptext6                    text6        0277
__ptext7                    text7        0019
__ptext8                    text8        02EF
__ptext9                    text9        0113
__size_of_Lcd_Clear         (abs)        0000
__size_of_Lcd_Cmd           (abs)        0000
__size_of_Lcd_Print_Char    (abs)        0000
__size_of_Lcd_Print_String  (abs)        0000
__size_of_Lcd_SetBit        (abs)        0000
__size_of_Lcd_Set_Cursor    (abs)        0000
__size_of_Lcd_Start         (abs)        0000
__size_of_MyISR             (abs)        0000
__size_of_Timer_Delay       (abs)        0000
__size_of_main              (abs)        0000
__size_of_seek_press_key    (abs)        0000
__size_ofi1_Lcd_Clear       (abs)        0000
__size_ofi1_Lcd_Cmd         (abs)        0000
__size_ofi1_Lcd_SetBit      (abs)        0000
__size_ofi1_Timer_Delay     (abs)        0000
__stringbase                strings      025F
__stringtab                 strings      025A
_main                       maintext     01CD
_seek_press_key             text7        0019
btemp                       (abs)        007E
end_of_initialization       cinit        0015
i1Lcd_Cmd@a                 cstackCOMMON 0071
i1Lcd_SetBit@data_bit       cstackCOMMON 0070
i1_Lcd_Clear                text8        02EF
i1_Lcd_Cmd                  text10       02A4
i1_Lcd_SetBit               text14       0218
i1_Timer_Delay              text11       02CF
interrupt_function          intentry     0004
intlevel0                   functab      0000
intlevel1                   functab      0000
intlevel2                   functab      0000
intlevel3                   functab      0000
intlevel4                   functab      0000
intlevel5                   functab      0000
reset_vec                   reset_vec    0000
saved_w                     (abs)        007E
start                       init         0012
start_initialization        cinit        0015
wtemp0                      (abs)        007E


FUNCTION INFORMATION:

 *************** function _main *****************
 Defined at:
		line 45 in file "main.c"
 Parameters:    Size  Location     Type
		None
 Auto vars:     Size  Location     Type
		None
 Return value:  Size  Location     Type
                  2   30[None  ] int 
 Registers used:
		wreg, status,2, status,0, pclath, cstack
 Tracked objects:
		On entry : 
		On exit  : 
		Unchanged: 
 Data sizes:     COMMON   BANK0   BANK1   BANK3   BANK2
      Params:         0       0       0       0       0
      Locals:         0       0       0       0       0
      Temps:          0       1       0       0       0
      Totals:         0       1       0       0       0
Total ram usage:        1 bytes
 Hardware stack levels required when called:    8
 This function calls:
		_Lcd_Clear
		_Lcd_Start
 This function is called by:
		Startup code after reset
 This function uses a non-reentrant model


 *************** function _Lcd_Start *****************
 Defined at:
		line 73 in file "../LCD.X/LCD_driver.c"
 Parameters:    Size  Location     Type
		None
 Auto vars:     Size  Location     Type
		None
 Return value:  Size  Location     Type
                  1    wreg      void 
 Registers used:
		wreg, status,2, status,0, pclath, cstack
 Tracked objects:
		On entry : 
		On exit  : 
		Unchanged: 
 Data sizes:     COMMON   BANK0   BANK1   BANK3   BANK2
      Params:         0       0       0       0       0
      Locals:         0       0       0       0       0
      Temps:          0       0       0       0       0
      Totals:         0       0       0       0       0
Total ram usage:        0 bytes
 Hardware stack levels used:    1
 Hardware stack levels required when called:    7
 This function calls:
		_Lcd_Cmd
		_Lcd_SetBit
 This function is called by:
		_main
 This function uses a non-reentrant model


 *************** function _Lcd_Clear *****************
 Defined at:
		line 47 in file "../LCD.X/LCD_driver.c"
 Parameters:    Size  Location     Type
		None
 Auto vars:     Size  Location     Type
		None
 Return value:  Size  Location     Type
                  1    wreg      void 
 Registers used:
		wreg, status,2, status,0, pclath, cstack
 Tracked objects:
		On entry : 
		On exit  : 
		Unchanged: 
 Data sizes:     COMMON   BANK0   BANK1   BANK3   BANK2
      Params:         0       0       0       0       0
      Locals:         0       0       0       0       0
      Temps:          0       0       0       0       0
      Totals:         0       0       0       0       0
Total ram usage:        0 bytes
 Hardware stack levels used:    1
 Hardware stack levels required when called:    7
 This function calls:
		_Lcd_Cmd
 This function is called by:
		_main
 This function uses a non-reentrant model


 *************** function _Lcd_Cmd *****************
 Defined at:
		line 39 in file "../LCD.X/LCD_driver.c"
 Parameters:    Size  Location     Type
  a               1    wreg     unsigned char 
 Auto vars:     Size  Location     Type
  a               1    1[BANK0 ] unsigned char 
 Return value:  Size  Location     Type
                  1    wreg      void 
 Registers used:
		wreg, status,2, status,0, pclath, cstack
 Tracked objects:
		On entry : 
		On exit  : 
		Unchanged: 
 Data sizes:     COMMON   BANK0   BANK1   BANK3   BANK2
      Params:         0       0       0       0       0
      Locals:         0       1       0       0       0
      Temps:          0       0       0       0       0
      Totals:         0       1       0       0       0
Total ram usage:        1 bytes
 Hardware stack levels used:    1
 Hardware stack levels required when called:    6
 This function calls:
		_Lcd_SetBit
		_Timer_Delay
 This function is called by:
		_Lcd_Clear
		_Lcd_Start
 This function uses a non-reentrant model


 *************** function _Timer_Delay *****************
 Defined at:
		line 107 in file "../LCD.X/LCD_driver.c"
 Parameters:    Size  Location     Type
		None
 Auto vars:     Size  Location     Type
		None
 Return value:  Size  Location     Type
                  1    wreg      void 
 Registers used:
		wreg, status,2, status,0
 Tracked objects:
		On entry : 
		On exit  : 
		Unchanged: 
 Data sizes:     COMMON   BANK0   BANK1   BANK3   BANK2
      Params:         0       0       0       0       0
      Locals:         0       0       0       0       0
      Temps:          0       1       0       0       0
      Totals:         0       1       0       0       0
Total ram usage:        1 bytes
 Hardware stack levels used:    1
 Hardware stack levels required when called:    5
 This function calls:
		Nothing
 This function is called by:
		_Lcd_Cmd
 This function uses a non-reentrant model


 *************** function _Lcd_SetBit *****************
 Defined at:
		line 12 in file "../LCD.X/LCD_driver.c"
 Parameters:    Size  Location     Type
  data_bit        1    wreg     unsigned char 
 Auto vars:     Size  Location     Type
  data_bit        1    0[BANK0 ] unsigned char 
 Return value:  Size  Location     Type
                  1    wreg      void 
 Registers used:
		wreg
 Tracked objects:
		On entry : 
		On exit  : 
		Unchanged: 
 Data sizes:     COMMON   BANK0   BANK1   BANK3   BANK2
      Params:         0       0       0       0       0
      Locals:         0       1       0       0       0
      Temps:          0       0       0       0       0
      Totals:         0       1       0       0       0
Total ram usage:        1 bytes
 Hardware stack levels used:    1
 Hardware stack levels required when called:    5
 This function calls:
		Nothing
 This function is called by:
		_Lcd_Cmd
		_Lcd_Start
 This function uses a non-reentrant model


 *************** function _MyISR *****************
 Defined at:
		line 77 in file "main.c"
 Parameters:    Size  Location     Type
		None
 Auto vars:     Size  Location     Type
		None
 Return value:  Size  Location     Type
                  1    wreg      void 
 Registers used:
		wreg, fsr0l, fsr0h, status,2, status,0, pclath, cstack
 Tracked objects:
		On entry : 
		On exit  : 
		Unchanged: 
 Data sizes:     COMMON   BANK0   BANK1   BANK3   BANK2
      Params:         0       0       0       0       0
      Locals:         0       0       0       0       0
      Temps:          4       0       0       0       0
      Totals:         4       0       0       0       0
Total ram usage:        4 bytes
 Hardware stack levels used:    1
 Hardware stack levels required when called:    4
 This function calls:
		_seek_press_key
 This function is called by:
		Interrupt level 1
 This function uses a non-reentrant model


 *************** function _seek_press_key *****************
 Defined at:
		line 87 in file "main.c"
 Parameters:    Size  Location     Type
		None
 Auto vars:     Size  Location     Type
		None
 Return value:  Size  Location     Type
                  1    wreg      void 
 Registers used:
		wreg, fsr0l, fsr0h, status,2, status,0, pclath, cstack
 Tracked objects:
		On entry : 
		On exit  : 
		Unchanged: 
 Data sizes:     COMMON   BANK0   BANK1   BANK3   BANK2
      Params:         0       0       0       0       0
      Locals:         0       0       0       0       0
      Temps:          0       0       0       0       0
      Totals:         0       0       0       0       0
Total ram usage:        0 bytes
 Hardware stack levels used:    1
 Hardware stack levels required when called:    3
 This function calls:
		_Lcd_Print_String
		_Lcd_Set_Cursor
		i1_Lcd_Clear
 This function is called by:
		_MyISR
 This function uses a non-reentrant model


 *************** function i1_Lcd_Clear *****************
 Defined at:
		line 47 in file "../LCD.X/LCD_driver.c"
 Parameters:    Size  Location     Type
		None
 Auto vars:     Size  Location     Type
		None
 Return value:  Size  Location     Type
                  1    wreg      void 
 Registers used:
		wreg, status,2, status,0, pclath, cstack
 Tracked objects:
		On entry : 
		On exit  : 
		Unchanged: 
 Data sizes:     COMMON   BANK0   BANK1   BANK3   BANK2
      Params:         0       0       0       0       0
      Locals:         0       0       0       0       0
      Temps:          0       0       0       0       0
      Totals:         0       0       0       0       0
Total ram usage:        0 bytes
 Hardware stack levels used:    1
 Hardware stack levels required when called:    2
 This function calls:
		i1_Lcd_Cmd
 This function is called by:
		_seek_press_key
 This function uses a non-reentrant model


 *************** function _Lcd_Set_Cursor *****************
 Defined at:
		line 53 in file "../LCD.X/LCD_driver.c"
 Parameters:    Size  Location     Type
  row             1    wreg     unsigned char 
  column          1    2[COMMON] unsigned char 
 Auto vars:     Size  Location     Type
  row             1    5[COMMON] unsigned char 
  temp            1    8[COMMON] unsigned char 
  y               1    7[COMMON] unsigned char 
  z               1    6[COMMON] unsigned char 
 Return value:  Size  Location     Type
                  1    wreg      void 
 Registers used:
		wreg, status,2, status,0, pclath, cstack
 Tracked objects:
		On entry : 
		On exit  : 
		Unchanged: 
 Data sizes:     COMMON   BANK0   BANK1   BANK3   BANK2
      Params:         1       0       0       0       0
      Locals:         4       0       0       0       0
      Temps:          2       0       0       0       0
      Totals:         7       0       0       0       0
Total ram usage:        7 bytes
 Hardware stack levels used:    1
 Hardware stack levels required when called:    2
 This function calls:
		i1_Lcd_Cmd
 This function is called by:
		_seek_press_key
 This function uses a non-reentrant model


 *************** function i1_Lcd_Cmd *****************
 Defined at:
		line 39 in file "../LCD.X/LCD_driver.c"
 Parameters:    Size  Location     Type
  a               1    wreg     unsigned char 
 Auto vars:     Size  Location     Type
  a               1    1[COMMON] unsigned char 
 Return value:  Size  Location     Type
                  1    wreg      void 
 Registers used:
		wreg, status,2, status,0, pclath, cstack
 Tracked objects:
		On entry : 
		On exit  : 
		Unchanged: 
 Data sizes:     COMMON   BANK0   BANK1   BANK3   BANK2
      Params:         0       0       0       0       0
      Locals:         1       0       0       0       0
      Temps:          0       0       0       0       0
      Totals:         1       0       0       0       0
Total ram usage:        1 bytes
 Hardware stack levels used:    1
 Hardware stack levels required when called:    1
 This function calls:
		i1_Lcd_SetBit
		i1_Timer_Delay
 This function is called by:
		_Lcd_Set_Cursor
		i1_Lcd_Clear
 This function uses a non-reentrant model


 *************** function i1_Timer_Delay *****************
 Defined at:
		line 107 in file "../LCD.X/LCD_driver.c"
 Parameters:    Size  Location     Type
		None
 Auto vars:     Size  Location     Type
		None
 Return value:  Size  Location     Type
                  1    wreg      void 
 Registers used:
		wreg, status,2, status,0
 Tracked objects:
		On entry : 
		On exit  : 
		Unchanged: 
 Data sizes:     COMMON   BANK0   BANK1   BANK3   BANK2
      Params:         0       0       0       0       0
      Locals:         0       0       0       0       0
      Temps:          1       0       0       0       0
      Totals:         1       0       0       0       0
Total ram usage:        1 bytes
 Hardware stack levels used:    1
 This function calls:
		Nothing
 This function is called by:
		i1_Lcd_Cmd
 This function uses a non-reentrant model


 *************** function _Lcd_Print_String *****************
 Defined at:
		line 100 in file "../LCD.X/LCD_driver.c"
 Parameters:    Size  Location     Type
  a               1    wreg     PTR unsigned char 
		 -> STR_8(3), STR_7(3), STR_6(3), STR_5(3), 
		 -> STR_4(3), STR_3(3), STR_2(3), STR_1(2), 
 Auto vars:     Size  Location     Type
  a               1    7[COMMON] PTR unsigned char 
		 -> STR_8(3), STR_7(3), STR_6(3), STR_5(3), 
		 -> STR_4(3), STR_3(3), STR_2(3), STR_1(2), 
  i               2    5[COMMON] int 
 Return value:  Size  Location     Type
                  1    wreg      void 
 Registers used:
		wreg, fsr0l, fsr0h, status,2, status,0, pclath, cstack
 Tracked objects:
		On entry : 
		On exit  : 
		Unchanged: 
 Data sizes:     COMMON   BANK0   BANK1   BANK3   BANK2
      Params:         0       0       0       0       0
      Locals:         3       0       0       0       0
      Temps:          0       0       0       0       0
      Totals:         3       0       0       0       0
Total ram usage:        3 bytes
 Hardware stack levels used:    1
 Hardware stack levels required when called:    2
 This function calls:
		_Lcd_Print_Char
 This function is called by:
		_seek_press_key
 This function uses a non-reentrant model


 *************** function _Lcd_Print_Char *****************
 Defined at:
		line 87 in file "../LCD.X/LCD_driver.c"
 Parameters:    Size  Location     Type
  data            1    wreg     unsigned char 
 Auto vars:     Size  Location     Type
  data            1    4[COMMON] unsigned char 
  Upper_Nibble    1    3[COMMON] unsigned char 
  Lower_Nibble    1    2[COMMON] unsigned char 
 Return value:  Size  Location     Type
                  1    wreg      void 
 Registers used:
		wreg, status,2, status,0, pclath, cstack
 Tracked objects:
		On entry : 
		On exit  : 
		Unchanged: 
 Data sizes:     COMMON   BANK0   BANK1   BANK3   BANK2
      Params:         0       0       0       0       0
      Locals:         3       0       0       0       0
      Temps:          1       0       0       0       0
      Totals:         4       0       0       0       0
Total ram usage:        4 bytes
 Hardware stack levels used:    1
 Hardware stack levels required when called:    1
 This function calls:
		i1_Lcd_SetBit
 This function is called by:
		_Lcd_Print_String
 This function uses a non-reentrant model


 *************** function i1_Lcd_SetBit *****************
 Defined at:
		line 12 in file "../LCD.X/LCD_driver.c"
 Parameters:    Size  Location     Type
  data_bit        1    wreg     unsigned char 
 Auto vars:     Size  Location     Type
  data_bit        1    0[COMMON] unsigned char 
 Return value:  Size  Location     Type
                  1    wreg      void 
 Registers used:
		wreg
 Tracked objects:
		On entry : 
		On exit  : 
		Unchanged: 
 Data sizes:     COMMON   BANK0   BANK1   BANK3   BANK2
      Params:         0       0       0       0       0
      Locals:         1       0       0       0       0
      Temps:          0       0       0       0       0
      Totals:         1       0       0       0       0
Total ram usage:        1 bytes
 Hardware stack levels used:    1
 This function calls:
		Nothing
 This function is called by:
		_Lcd_Print_Char
		i1_Lcd_Cmd
 This function uses a non-reentrant model



MODULE INFORMATION

Module		Function		Class		Link	Load	Size
../LCD.X/LCD_driver.c
		_Lcd_Cmd       		CODE           	028E	0000	23
		_Lcd_SetBit    		CODE           	023A	0000	33
		_Lcd_Start     		CODE           	0165	0000	62
		_Lcd_Set_Cursor		CODE           	0113	0000	83
		_Lcd_Clear     		CODE           	02E2	0000	14
		_Timer_Delay   		CODE           	02BA	0000	22
		_Lcd_Print_String		CODE           	01F3	0000	38
		_Lcd_Print_Char		CODE           	01A2	0000	44

../LCD.X/LCD_driver.c estimated size: 319

shared
		__stringtab    		STRING         	025A	0000	7
		i1_Timer_Delay 		CODE           	02CF	0000	20
		i1_Lcd_Cmd     		CODE           	02A4	0000	23
		i1_Lcd_Clear   		CODE           	02EF	0000	14
		__initialization		CODE           	0015	0000	1
		i1_Lcd_SetBit  		CODE           	0218	0000	35

shared estimated size: 100

main.c
		_main          		CODE           	01CD	0000	39
		_seek_press_key		CODE           	0019	0000	251
		_MyISR         		CODE           	0277	0000	24

main.c estimated size: 314

